Copyright 1986-2022 Xilinx, Inc. All Rights Reserved. Copyright 2022-2023 Advanced Micro Devices, Inc. All Rights Reserved.
---------------------------------------------------------------------------------------------------------------------------------------------
| Tool Version : Vivado v.2023.2 (win64) Build 4029153 Fri Oct 13 20:14:34 MDT 2023
| Date         : Mon Dec  8 01:41:44 2025
| Host         : DESKTOP-1ORS7G9 running 64-bit major release  (build 9200)
| Command      : report_utilization -slr -file utilization_slr.rpt
| Design       : forward
| Device       : xcvu37p-fsvh2892-2L-e
| Speed File   : -2L
| Design State : Routed
---------------------------------------------------------------------------------------------------------------------------------------------

Utilization Design Information

Table of Contents
-----------------
1. SLR Connectivity
2. SLR Connectivity Matrix
3. SLR CLB Logic and Dedicated Block Utilization
4. SLR IO Utilization

1. SLR Connectivity
-------------------

+----------------------------------+------+-------+-----------+-------+
|                                  | Used | Fixed | Available | Util% |
+----------------------------------+------+-------+-----------+-------+
| SLR2 <-> SLR1                    |  236 |       |     23040 |  1.02 |
|   SLR1 -> SLR2                   |  126 |       |           |  0.55 |
|     Using TX_REG only            |    0 |     0 |           |       |
|     Using RX_REG only            |    0 |     0 |           |       |
|     Using Both TX_REG and RX_REG |    0 |     0 |           |       |
|   SLR2 -> SLR1                   |  110 |       |           |  0.48 |
|     Using TX_REG only            |    0 |     0 |           |       |
|     Using RX_REG only            |    0 |     0 |           |       |
|     Using Both TX_REG and RX_REG |    0 |     0 |           |       |
| SLR1 <-> SLR0                    |   90 |       |     23040 |  0.39 |
|   SLR0 -> SLR1                   |   25 |       |           |  0.11 |
|     Using TX_REG only            |    0 |     0 |           |       |
|     Using RX_REG only            |    0 |     0 |           |       |
|     Using Both TX_REG and RX_REG |    0 |     0 |           |       |
|   SLR1 -> SLR0                   |   65 |       |           |  0.28 |
|     Using TX_REG only            |    0 |     0 |           |       |
|     Using RX_REG only            |    0 |     0 |           |       |
|     Using Both TX_REG and RX_REG |    0 |     0 |           |       |
+----------------------------------+------+-------+-----------+-------+
| Total SLLs Used                  |  326 |       |           |       |
+----------------------------------+------+-------+-----------+-------+


2. SLR Connectivity Matrix
--------------------------

+-----------+------+------+------+
| FROM \ TO | SLR2 | SLR1 | SLR0 |
+-----------+------+------+------+
| SLR2      |    0 |  102 |    8 |
| SLR1      |  113 |    0 |   57 |
| SLR0      |   13 |   12 |    0 |
+-----------+------+------+------+


3. SLR CLB Logic and Dedicated Block Utilization
------------------------------------------------

+----------------------------+------+-------+-------+--------+--------+--------+
|          Site Type         | SLR0 |  SLR1 |  SLR2 | SLR0 % | SLR1 % | SLR2 % |
+----------------------------+------+-------+-------+--------+--------+--------+
| CLB                        | 1002 |  5995 |  2403 |   1.82 |  11.10 |   4.45 |
|   CLBL                     |  536 |  3151 |  1253 |   1.83 |  10.76 |   4.28 |
|   CLBM                     |  466 |  2844 |  1150 |   1.81 |  11.50 |   4.65 |
| CLB LUTs                   | 4322 | 25760 | 10716 |   0.98 |   5.96 |   2.48 |
|   LUT as Logic             | 3899 | 22694 |  9710 |   0.89 |   5.25 |   2.25 |
|     using O5 output only   |   83 |   489 |   225 |   0.02 |   0.11 |   0.05 |
|     using O6 output only   | 2628 | 14049 |  6326 |   0.60 |   3.25 |   1.46 |
|     using O5 and O6        | 1188 |  8156 |  3159 |   0.27 |   1.89 |   0.73 |
|   LUT as Memory            |  423 |  3066 |  1006 |   0.21 |   1.55 |   0.51 |
|     LUT as Distributed RAM |  416 |  2960 |   968 |   0.20 |   1.50 |   0.49 |
|       using O5 output only |    0 |     0 |     0 |   0.00 |   0.00 |   0.00 |
|       using O6 output only |    0 |   240 |     0 |   0.00 |   0.12 |   0.00 |
|       using O5 and O6      |  416 |  2720 |   968 |   0.20 |   1.38 |   0.49 |
|     LUT as Shift Register  |    7 |   106 |    38 |  <0.01 |   0.05 |   0.02 |
|       using O5 output only |    0 |     0 |     0 |   0.00 |   0.00 |   0.00 |
|       using O6 output only |    7 |    91 |    38 |  <0.01 |   0.05 |   0.02 |
|       using O5 and O6      |    0 |    15 |     0 |   0.00 |  <0.01 |   0.00 |
| CLB Registers              | 4664 | 28567 | 10992 |   0.53 |   3.31 |   1.27 |
| CARRY8                     |  203 |   978 |   486 |   0.37 |   1.81 |   0.90 |
| F7 Muxes                   |   16 |   193 |    72 |  <0.01 |   0.09 |   0.03 |
| F8 Muxes                   |    0 |    16 |     0 |   0.00 |   0.01 |   0.00 |
| F9 Muxes                   |    0 |     0 |     0 |   0.00 |   0.00 |   0.00 |
| Block RAM Tile             |    0 |     0 |     0 |   0.00 |   0.00 |   0.00 |
|   RAMB36/FIFO              |    0 |     0 |     0 |   0.00 |   0.00 |   0.00 |
|   RAMB18                   |    0 |     0 |     0 |   0.00 |   0.00 |   0.00 |
| URAM                       |    0 |     0 |     0 |   0.00 |   0.00 |   0.00 |
| DSPs                       |   36 |   355 |   111 |   1.25 |  11.56 |   3.61 |
| Unique Control Sets        |  338 |  1993 |   785 |   0.31 |   1.85 |   0.73 |
+----------------------------+------+-------+-------+--------+--------+--------+
* Note: Available Control Sets based on CLB Registers / 8


4. SLR IO Utilization
---------------------

+-----------+-----------+---------+------------+----------+------------+----------+-----+
| SLR Index | Used IOBs | (%)IOBs | Used IPADs | (%)IPADs | Used OPADs | (%)OPADs | GTs |
+-----------+-----------+---------+------------+----------+------------+----------+-----+
| SLR2      |         0 |    0.00 |          0 |     0.00 |          0 |     0.00 |   0 |
| SLR1      |         0 |    0.00 |          0 |     0.00 |          0 |     0.00 |   0 |
| SLR0      |         0 |    0.00 |          0 |     0.00 |          0 |     0.00 |   0 |
+-----------+-----------+---------+------------+----------+------------+----------+-----+
| Total     |         0 |         |          0 |          |          0 |          |   0 |
+-----------+-----------+---------+------------+----------+------------+----------+-----+


