Copyright 1986-2022 Xilinx, Inc. All Rights Reserved. Copyright 2022-2023 Advanced Micro Devices, Inc. All Rights Reserved.
---------------------------------------------------------------------------------------------------------------------------------------------
| Tool Version : Vivado v.2023.2 (win64) Build 4029153 Fri Oct 13 20:14:34 MDT 2023
| Date         : Mon Dec  8 01:41:55 2025
| Host         : DESKTOP-1ORS7G9 running 64-bit major release  (build 9200)
| Command      : report_utilization -pblocks pblock_partition_1 -file util_pblock_partition_1.rpt
| Design       : forward
| Device       : xcvu37p-fsvh2892-2L-e
| Speed File   : -2L
| Design State : Routed
---------------------------------------------------------------------------------------------------------------------------------------------

Utilization Design Information

Table of Contents
-----------------
1. Pblock Summary
2. Clock Region Statistics
3. CLB Logic
3.1 Summary of Registers by Type
4. CLB Logic Distribution
5. BLOCKRAM
6. ARITHMETIC
7. I/O
8. CLOCK
9. ADVANCED
10. CONFIGURATION
11. Primitives
12. Black Boxes
13. Instantiated Netlists
14. SLR Connectivity
15. SLR Connectivity Matrix
16. SLR CLB Logic and Dedicated Block Utilization
17. SLR IO Utilization

1. Pblock Summary
-----------------

+-------+--------------------+-------+-------------------+-----------------+----------------+
| Index |       Parent       | Child | EXCLUDE_PLACEMENT | CONTAIN_ROUTING | SLR(s) Covered |
+-------+--------------------+-------+-------------------+-----------------+----------------+
| 1     | pblock_partition_1 |       |                 0 |               1 |           SLR1 |
+-------+--------------------+-------+-------------------+-----------------+----------------+


2. Clock Region Statistics
--------------------------

+-------------+--------------------+
| CLOCKREGION | Pblock Sites in CR |
+-------------+--------------------+
| X0Y4        |              3.51% |
| X0Y5        |              3.11% |
| X0Y6        |              3.11% |
| X0Y7        |              3.51% |
| X1Y4        |              3.03% |
| X1Y5        |              2.62% |
| X1Y6        |              2.62% |
| X1Y7        |              3.03% |
| X2Y4        |              4.12% |
| X2Y5        |              3.72% |
| X2Y6        |              3.72% |
| X2Y7        |              4.12% |
| X3Y4        |              2.57% |
| X3Y5        |              2.16% |
| X3Y6        |              2.16% |
| X3Y7        |              2.57% |
| X4Y4        |              3.60% |
| X4Y5        |              3.19% |
| X4Y6        |              3.19% |
| X4Y7        |              3.60% |
| X5Y4        |              3.36% |
| X5Y5        |              2.95% |
| X5Y6        |              2.95% |
| X5Y7        |              3.36% |
| X6Y4        |              3.36% |
| X6Y5        |              2.95% |
| X6Y6        |              2.95% |
| X6Y7        |              3.36% |
| X7Y4        |              3.08% |
| X7Y5        |              2.67% |
| X7Y6        |              2.68% |
| X7Y7        |              3.08% |
+-------------+--------------------+


3. CLB Logic
------------

+----------------------------+--------+-------+--------------+-------+-------+------------+-----------+-------+
|          Site Type         | Parent | Child | Non-Assigned |  Used | Fixed | Prohibited | Available | Util% |
+----------------------------+--------+-------+--------------+-------+-------+------------+-----------+-------+
| CLB LUTs                   |  25415 |     0 |          339 | 25753 |     0 |          0 |    416640 |  6.18 |
|   LUT as Logic             |  22557 |     0 |          131 | 22687 |     0 |          0 |    416640 |  5.45 |
|   LUT as Memory            |   2858 |     0 |          208 |  3066 |     0 |          0 |    197760 |  1.55 |
|     LUT as Distributed RAM |   2752 |     0 |          208 |  2960 |     0 |            |           |       |
|     LUT as Shift Register  |    106 |     0 |            0 |   106 |     0 |            |           |       |
| CLB Registers              |  27763 |     0 |          706 | 28469 |     0 |          0 |    833280 |  3.42 |
|   Register as Flip Flop    |  27763 |     0 |          706 | 28469 |     0 |          0 |    833280 |  3.42 |
|   Register as Latch        |      0 |     0 |            0 |     0 |     0 |          0 |    833280 |  0.00 |
| CARRY8                     |    912 |     0 |           53 |   965 |     0 |          0 |     52080 |  1.85 |
| F7 Muxes                   |    193 |     0 |            0 |   193 |     0 |          0 |    208320 |  0.09 |
| F8 Muxes                   |     16 |     0 |            0 |    16 |     0 |          0 |    104160 |  0.02 |
| F9 Muxes                   |      0 |     0 |            0 |     0 |     0 |          0 |     52080 |  0.00 |
+----------------------------+--------+-------+--------------+-------+-------+------------+-----------+-------+
* Warning! LUT value is adjusted to account for LUT combining.


3.1 Summary of Registers by Type
--------------------------------

+-------+--------------+-------------+--------------+
| Total | Clock Enable | Synchronous | Asynchronous |
+-------+--------------+-------------+--------------+
| 0     |            _ |           - |            - |
| 0     |            _ |           - |          Set |
| 0     |            _ |           - |        Reset |
| 0     |            _ |         Set |            - |
| 0     |            _ |       Reset |            - |
| 0     |          Yes |           - |            - |
| 0     |          Yes |           - |          Set |
| 0     |          Yes |           - |        Reset |
| 458   |          Yes |         Set |            - |
| 28011 |          Yes |       Reset |            - |
+-------+--------------+-------------+--------------+


4. CLB Logic Distribution
-------------------------

+--------------------------------------------+--------+-------+--------------+-------+-------+------------+-----------+-------+
|                  Site Type                 | Parent | Child | Non-Assigned |  Used | Fixed | Prohibited | Available | Util% |
+--------------------------------------------+--------+-------+--------------+-------+-------+------------+-----------+-------+
| CLB                                        |   5892 |     0 |          229 |  5975 |     0 |          0 |     52080 | 11.47 |
|   CLBL                                     |   3101 |     0 |          111 |  3131 |     0 |            |           |       |
|   CLBM                                     |   2791 |     0 |          118 |  2844 |     0 |            |           |       |
| LUT as Logic                               |  22557 |     0 |          131 | 22687 |     0 |          0 |    416640 |  5.45 |
|   using O5 output only                     |    481 |     0 |            8 |   488 |       |            |           |       |
|   using O6 output only                     |  13958 |     0 |           86 | 14043 |       |            |           |       |
|   using O5 and O6                          |   8118 |     0 |           37 |  8156 |       |            |           |       |
| LUT as Memory                              |   2858 |     0 |          208 |  3066 |     0 |          0 |    197760 |  1.55 |
|   LUT as Distributed RAM                   |   2752 |     0 |          208 |  2960 |     0 |            |           |       |
|     using O5 output only                   |      0 |     0 |            0 |     0 |       |            |           |       |
|     using O6 output only                   |    160 |     0 |           80 |   240 |       |            |           |       |
|     using O5 and O6                        |   2592 |     0 |          128 |  2720 |       |            |           |       |
|   LUT as Shift Register                    |    106 |     0 |            0 |   106 |     0 |            |           |       |
|     using O5 output only                   |      0 |     0 |            0 |     0 |       |            |           |       |
|     using O6 output only                   |     91 |     0 |            0 |    91 |       |            |           |       |
|     using O5 and O6                        |     15 |     0 |            0 |    15 |       |            |           |       |
| CLB Registers                              |  27763 |     0 |          706 | 28469 |     0 |          0 |    833280 |  3.42 |
|   Register driven from within the CLB      |  12868 |     0 |          630 | 13564 |       |            |           |       |
|   Register driven from outside the CLB     |  14895 |     0 |           76 | 14905 |       |            |           |       |
|     LUT in front of the register is unused |  11568 |     0 |           73 | 11557 |       |            |           |       |
|     LUT in front of the register is used   |   3327 |     0 |            3 |  3348 |       |            |           |       |
| Unique Control Sets                        |   1928 |     0 |           61 |  1988 |       |          0 |    104160 |  1.91 |
+--------------------------------------------+--------+-------+--------------+-------+-------+------------+-----------+-------+
* * Note: Available Control Sets calculated as Slices * 2, Review the Control Sets Report for more information regarding control sets.


5. BLOCKRAM
-----------

+----------------+--------+-------+--------------+------+-------+------------+-----------+-------+
|    Site Type   | Parent | Child | Non-Assigned | Used | Fixed | Prohibited | Available | Util% |
+----------------+--------+-------+--------------+------+-------+------------+-----------+-------+
| Block RAM Tile |      0 |     0 |            0 |    0 |     0 |          0 |       672 |  0.00 |
|   RAMB36/FIFO* |      0 |     0 |            0 |    0 |     0 |          0 |       672 |  0.00 |
|   RAMB18       |      0 |     0 |            0 |    0 |     0 |          0 |      1344 |  0.00 |
| URAM           |      0 |     0 |            0 |    0 |     0 |          0 |       320 |  0.00 |
+----------------+--------+-------+--------------+------+-------+------------+-----------+-------+
* Note: Each Block RAM Tile only has one FIFO logic available and therefore can accommodate only one FIFO36E2 or one FIFO18E2. However, if a FIFO18E2 occupies a Block RAM Tile, that tile can still accommodate a RAMB18E2


6. ARITHMETIC
-------------

+----------------+--------+-------+--------------+------+-------+------------+-----------+-------+
|    Site Type   | Parent | Child | Non-Assigned | Used | Fixed | Prohibited | Available | Util% |
+----------------+--------+-------+--------------+------+-------+------------+-----------+-------+
| DSPs           |    355 |     0 |            0 |  355 |     0 |          0 |      3072 | 11.56 |
|   DSP48E2 only |    355 |     0 |            0 |  355 |       |            |           |       |
+----------------+--------+-------+--------------+------+-------+------------+-----------+-------+


7. I/O
------

+------------------+--------+-------+--------------+------+-------+------------+-----------+-------+
|     Site Type    | Parent | Child | Non-Assigned | Used | Fixed | Prohibited | Available | Util% |
+------------------+--------+-------+--------------+------+-------+------------+-----------+-------+
| Bonded IOB       |      0 |     0 |            0 |    0 |     0 |          0 |       208 |  0.00 |
| HPIOB_M          |      0 |     0 |            0 |    0 |     0 |          0 |        96 |  0.00 |
| HPIOB_S          |      0 |     0 |            0 |    0 |     0 |          0 |        96 |  0.00 |
| HPIOB_SNGL       |      0 |     0 |            0 |    0 |     0 |          0 |        16 |  0.00 |
| HPIOBDIFFINBUF   |      0 |     0 |            0 |    0 |     0 |          0 |        96 |  0.00 |
| HPIOBDIFFOUTBUF  |      0 |     0 |            0 |    0 |     0 |          0 |        96 |  0.00 |
| BITSLICE_CONTROL |      0 |     0 |            0 |    0 |     0 |          0 |        32 |  0.00 |
| BITSLICE_RX_TX   |      0 |     0 |            0 |    0 |     0 |          0 |      1248 |  0.00 |
| BITSLICE_TX      |      0 |     0 |            0 |    0 |     0 |          0 |        32 |  0.00 |
| RIU_OR           |      0 |     0 |            0 |    0 |     0 |          0 |        16 |  0.00 |
+------------------+--------+-------+--------------+------+-------+------------+-----------+-------+


8. CLOCK
--------

+----------------------+--------+-------+--------------+------+-------+------------+-----------+-------+
|       Site Type      | Parent | Child | Non-Assigned | Used | Fixed | Prohibited | Available | Util% |
+----------------------+--------+-------+--------------+------+-------+------------+-----------+-------+
| GLOBAL CLOCK BUFFERs |      0 |     0 |            0 |    0 |     0 |          0 |       336 |  0.00 |
|   BUFGCE             |      0 |     0 |            0 |    0 |     0 |          0 |        96 |  0.00 |
|   BUFGCE_DIV         |      0 |     0 |            0 |    0 |     0 |          0 |        16 |  0.00 |
|   BUFG_GT            |      0 |     0 |            0 |    0 |     0 |          0 |       192 |  0.00 |
|   BUFGCTRL*          |      0 |     0 |            0 |    0 |     0 |          0 |        32 |  0.00 |
| PLL                  |      0 |     0 |            0 |    0 |     0 |          0 |         8 |  0.00 |
| MMCM                 |      0 |     0 |            0 |    0 |     0 |          0 |         4 |  0.00 |
+----------------------+--------+-------+--------------+------+-------+------------+-----------+-------+
* Note: Each used BUFGCTRL counts as two GLOBAL CLOCK BUFFERs. This table does not include global clocking resources, only buffer cell usage. See the Clock Utilization Report (report_clock_utilization) for detailed accounting of global clocking resource availability.


9. ADVANCED
-----------

+-----------------+--------+-------+--------------+------+-------+------------+-----------+-------+
|    Site Type    | Parent | Child | Non-Assigned | Used | Fixed | Prohibited | Available | Util% |
+-----------------+--------+-------+--------------+------+-------+------------+-----------+-------+
| CMACE4          |      0 |     0 |            0 |    0 |     0 |          0 |         3 |  0.00 |
| GTYE4_CHANNEL   |      0 |     0 |            0 |    0 |     0 |          0 |        32 |  0.00 |
| GTYE4_COMMON    |      0 |     0 |            0 |    0 |     0 |          0 |         8 |  0.00 |
| ILKNE4          |      0 |     0 |            0 |    0 |     0 |          0 |         2 |  0.00 |
| OBUFDS_GTE4     |      0 |     0 |            0 |    0 |     0 |          0 |        16 |  0.00 |
| OBUFDS_GTE4_ADV |      0 |     0 |            0 |    0 |     0 |          0 |        16 |  0.00 |
| PCIE40E4        |      0 |     0 |            0 |    0 |     0 |          0 |         1 |  0.00 |
| SYSMONE4        |      0 |     0 |            0 |    0 |     0 |          0 |         1 |  0.00 |
+-----------------+--------+-------+--------------+------+-------+------------+-----------+-------+


10. CONFIGURATION
-----------------

+-------------+--------+-------+--------------+------+-------+------------+-----------+-------+
|  Site Type  | Parent | Child | Non-Assigned | Used | Fixed | Prohibited | Available | Util% |
+-------------+--------+-------+--------------+------+-------+------------+-----------+-------+
| BSCANE2     |      0 |     0 |            0 |    0 |     0 |          0 |         4 |  0.00 |
| DNA_PORTE2  |      0 |     0 |            0 |    0 |     0 |          0 |         1 |  0.00 |
| EFUSE_USR   |      0 |     0 |            0 |    0 |     0 |          0 |         1 |  0.00 |
| FRAME_ECCE4 |      0 |     0 |            0 |    0 |     0 |          0 |         1 |  0.00 |
| ICAPE3      |      0 |     0 |            0 |    0 |     0 |          0 |         2 |  0.00 |
| MASTER_JTAG |      0 |     0 |            0 |    0 |     0 |          0 |         1 |  0.00 |
| STARTUPE3   |      0 |     0 |            0 |    0 |     0 |          0 |         1 |  0.00 |
+-------------+--------+-------+--------------+------+-------+------------+-----------+-------+


11. Primitives
--------------

+----------+-------+---------------------+
| Ref Name |  Used | Functional Category |
+----------+-------+---------------------+
| FDRE     | 28011 |            Register |
| LUT3     | 10292 |                 CLB |
| LUT4     |  5528 |                 CLB |
| LUT6     |  5478 |                 CLB |
| LUT2     |  4788 |                 CLB |
| RAMD32   |  4760 |                 CLB |
| LUT5     |  4345 |                 CLB |
| CARRY8   |   965 |                 CLB |
| RAMS32   |   680 |                 CLB |
| FDSE     |   458 |            Register |
| LUT1     |   412 |                 CLB |
| DSP48E2  |   355 |          Arithmetic |
| RAMD64E  |   240 |                 CLB |
| MUXF7    |   193 |                 CLB |
| SRL16E   |   101 |                 CLB |
| SRLC32E  |    20 |                 CLB |
| MUXF8    |    16 |                 CLB |
+----------+-------+---------------------+


12. Black Boxes
---------------

+----------+------+
| Ref Name | Used |
+----------+------+


13. Instantiated Netlists
-------------------------

+----------+------+
| Ref Name | Used |
+----------+------+


14. SLR Connectivity
--------------------

+----------------------------------+------+-------+-----------+-------+
|                                  | Used | Fixed | Available | Util% |
+----------------------------------+------+-------+-----------+-------+
| SLR2 <-> SLR1                    |  236 |       |     23040 |  1.02 |
|   SLR1 -> SLR2                   |  126 |       |           |  0.55 |
|     Using TX_REG only            |    0 |     0 |           |       |
|     Using RX_REG only            |    0 |     0 |           |       |
|     Using Both TX_REG and RX_REG |    0 |     0 |           |       |
|   SLR2 -> SLR1                   |  110 |       |           |  0.48 |
|     Using TX_REG only            |    0 |     0 |           |       |
|     Using RX_REG only            |    0 |     0 |           |       |
|     Using Both TX_REG and RX_REG |    0 |     0 |           |       |
| SLR1 <-> SLR0                    |   90 |       |     23040 |  0.39 |
|   SLR0 -> SLR1                   |   25 |       |           |  0.11 |
|     Using TX_REG only            |    0 |     0 |           |       |
|     Using RX_REG only            |    0 |     0 |           |       |
|     Using Both TX_REG and RX_REG |    0 |     0 |           |       |
|   SLR1 -> SLR0                   |   65 |       |           |  0.28 |
|     Using TX_REG only            |    0 |     0 |           |       |
|     Using RX_REG only            |    0 |     0 |           |       |
|     Using Both TX_REG and RX_REG |    0 |     0 |           |       |
+----------------------------------+------+-------+-----------+-------+
| Total SLLs Used                  |  326 |       |           |       |
+----------------------------------+------+-------+-----------+-------+


15. SLR Connectivity Matrix
---------------------------

+-----------+------+------+------+
| FROM \ TO | SLR2 | SLR1 | SLR0 |
+-----------+------+------+------+
| SLR2      |    0 |  102 |    8 |
| SLR1      |  113 |    0 |   57 |
| SLR0      |   13 |   12 |    0 |
+-----------+------+------+------+


16. SLR CLB Logic and Dedicated Block Utilization
-------------------------------------------------

+----------------------------+------+-------+------+--------+--------+--------+
|          Site Type         | SLR0 |  SLR1 | SLR2 | SLR0 % | SLR1 % | SLR2 % |
+----------------------------+------+-------+------+--------+--------+--------+
| CLB                        |    0 |  5975 |    0 |   0.00 |  11.06 |   0.00 |
|   CLBL                     |    0 |  3131 |    0 |   0.00 |  10.69 |   0.00 |
|   CLBM                     |    0 |  2844 |    0 |   0.00 |  11.50 |   0.00 |
| CLB LUTs                   |    0 | 25753 |    0 |   0.00 |   5.96 |   0.00 |
|   LUT as Logic             |    0 | 22687 |    0 |   0.00 |   5.25 |   0.00 |
|   LUT as Memory            |    0 |  3066 |    0 |   0.00 |   1.55 |   0.00 |
|     LUT as Distributed RAM |    0 |  2960 |    0 |   0.00 |   1.50 |   0.00 |
|     LUT as Shift Register  |    0 |   106 |    0 |   0.00 |   0.05 |   0.00 |
| CLB Registers              |    0 | 28469 |    0 |   0.00 |   3.30 |   0.00 |
| CARRY8                     |    0 |   965 |    0 |   0.00 |   1.79 |   0.00 |
| F7 Muxes                   |    0 |   193 |    0 |   0.00 |   0.09 |   0.00 |
| F8 Muxes                   |    0 |    16 |    0 |   0.00 |   0.01 |   0.00 |
| F9 Muxes                   |    0 |     0 |    0 |   0.00 |   0.00 |   0.00 |
| Block RAM Tile             |    0 |     0 |    0 |   0.00 |   0.00 |   0.00 |
|   RAMB36/FIFO              |    0 |     0 |    0 |   0.00 |   0.00 |   0.00 |
|   RAMB18                   |    0 |     0 |    0 |   0.00 |   0.00 |   0.00 |
| URAM                       |    0 |     0 |    0 |   0.00 |   0.00 |   0.00 |
| DSPs                       |    0 |   355 |    0 |   0.00 |  11.56 |   0.00 |
| Unique Control Sets        |    0 |  1988 |    0 |   0.00 |   1.84 |   0.00 |
+----------------------------+------+-------+------+--------+--------+--------+
* Note: Available Control Sets based on CLB Registers / 8


17. SLR IO Utilization
----------------------

+-----------+-----------+---------+------------+----------+------------+----------+-----+
| SLR Index | Used IOBs | (%)IOBs | Used IPADs | (%)IPADs | Used OPADs | (%)OPADs | GTs |
+-----------+-----------+---------+------------+----------+------------+----------+-----+
| SLR2      |         0 |    0.00 |          0 |     0.00 |          0 |     0.00 |   0 |
| SLR1      |         0 |    0.00 |          0 |     0.00 |          0 |     0.00 |   0 |
| SLR0      |         0 |    0.00 |          0 |     0.00 |          0 |     0.00 |   0 |
+-----------+-----------+---------+------------+----------+------------+----------+-----+
| Total     |         0 |         |          0 |          |          0 |          |   0 |
+-----------+-----------+---------+------------+----------+------------+----------+-----+


