Copyright 1986-2022 Xilinx, Inc. All Rights Reserved. Copyright 2022-2023 Advanced Micro Devices, Inc. All Rights Reserved.
---------------------------------------------------------------------------------------------------------------------------------------------
| Tool Version : Vivado v.2023.2 (win64) Build 4029153 Fri Oct 13 20:14:34 MDT 2023
| Date         : Sun Dec  7 04:08:19 2025
| Host         : DESKTOP-1ORS7G9 running 64-bit major release  (build 9200)
| Command      : report_design_analysis -congestion -file congestion.rpt
| Design       : forward
| Device       : xcvu37p
| Design State : Routed
---------------------------------------------------------------------------------------------------------------------------------------------

Report Design Analysis

Table of Contents
-----------------
1. Placer Final Level Congestion Reporting
2. Router Initial Congestion
3. SLR Net Crossing Reporting

1. Placer Final Level Congestion Reporting
------------------------------------------

+-----------+------+-------+--------+---------------+---------------+-----+--------+------+------+------+------+-----+-------+-----+------------+
| Direction | Type | Level | Window | Combined LUTs | Avg LUT Input | LUT | LUTRAM | Flop | MUXF | RAMB | URAM | DSP | CARRY | SRL | Cell Names |
+-----------+------+-------+--------+---------------+---------------+-----+--------+------+------+------+------+-----+-------+-----+------------+
* No congestion windows are found above level 5


2. Router Initial Congestion
----------------------------

+-----------+------+-------+--------+---------------+---------------+-----+--------+------+------+------+------+-----+-------+-----+------------+-------------+
| Direction | Type | Level | Window | Combined LUTs | Avg LUT Input | LUT | LUTRAM | Flop | MUXF | RAMB | URAM | DSP | CARRY | SRL | Cell Names | Sub Windows |
+-----------+------+-------+--------+---------------+---------------+-----+--------+------+------+------+------+-----+-------+-----+------------+-------------+
* No effective congestion windows are found above level 5


3. SLR Net Crossing Reporting
-----------------------------

+-----------------------------------------------------------------------------------------------------------------------+-----------------------------+-------------+-------------+-------------+
|                                                       Cell Names                                                      | Number of Nets crossing SLR | 0 - 1 Cuts  | 0 - 2 Cuts  | 1 - 2 Cuts  |
+-----------------------------------------------------------------------------------------------------------------------+-----------------------------+-------------+-------------+-------------+
| ap_CS_fsm_reg[0]                                                                                                      | 2                           | 0           | 1           | 1           |
| ap_CS_fsm_reg[1]                                                                                                      | 1                           | 0           | 1           | 0           |
| ap_CS_fsm_reg[2]                                                                                                      | 1                           | 0           | 0           | 1           |
| ap_sync_reg_grp_forward_node106_fu_658_ap_done_reg                                                                    | 3                           | 0           | 1           | 2           |
| ap_sync_reg_grp_forward_node106_fu_658_ap_ready_reg                                                                   | 2                           | 0           | 0           | 2           |
| ap_sync_reg_grp_forward_node113_fu_624_ap_done_reg                                                                    | 1                           | 0           | 0           | 1           |
| ap_sync_reg_grp_forward_node125_fu_602_ap_done_reg                                                                    | 1                           | 0           | 0           | 1           |
| ap_sync_reg_grp_forward_node125_fu_602_ap_ready_reg                                                                   | 2                           | 0           | 0           | 2           |
| ap_sync_reg_grp_forward_node133_fu_588_ap_done_reg                                                                    | 1                           | 0           | 0           | 1           |
| ap_sync_reg_grp_forward_node149_fu_552_ap_ready_reg                                                                   | 1                           | 1           | 0           | 0           |
| ap_sync_reg_grp_forward_node161_fu_488_ap_ready_reg                                                                   | 1                           | 1           | 0           | 0           |
| ap_sync_reg_grp_forward_node21_fu_828_ap_done_reg                                                                     | 1                           | 1           | 0           | 0           |
| ap_sync_reg_grp_forward_node21_fu_828_ap_ready_reg                                                                    | 2                           | 2           | 0           | 0           |
| ap_sync_reg_grp_forward_node37_fu_796_ap_ready_reg                                                                    | 1                           | 1           | 0           | 0           |
| ap_sync_reg_grp_forward_node59_fu_748_ap_done_reg                                                                     | 2                           | 0           | 0           | 2           |
| ap_sync_reg_grp_forward_node59_fu_748_ap_ready_reg                                                                    | 1                           | 0           | 0           | 1           |
| ap_sync_reg_grp_forward_node75_fu_720_ap_done_reg                                                                     | 2                           | 0           | 0           | 2           |
| ap_sync_reg_grp_forward_node75_fu_720_ap_ready_reg                                                                    | 1                           | 0           | 0           | 1           |
| ap_sync_reg_grp_forward_node82_fu_704_ap_done_reg                                                                     | 1                           | 1           | 0           | 0           |
| ap_sync_reg_grp_forward_node82_fu_704_ap_ready_reg                                                                    | 2                           | 2           | 0           | 0           |
| ap_sync_reg_grp_forward_node90_fu_690_ap_done_reg                                                                     | 1                           | 0           | 0           | 1           |
| ctrl_s_axi_U                                                                                                          | 2                           | 0           | 0           | 2           |
| grp_forward_node0_fu_894                                                                                              | 2                           | 0           | 1           | 1           |
| grp_forward_node106_fu_658                                                                                            | 34                          | 0           | 9           | 25          |
| grp_forward_node113_fu_624                                                                                            | 41                          | 0           | 1           | 40          |
| grp_forward_node113_fu_624_ap_start_reg_reg                                                                           | 2                           | 0           | 0           | 2           |
| grp_forward_node125_fu_602                                                                                            | 10                          | 0           | 0           | 10          |
| grp_forward_node133_fu_588                                                                                            | 1                           | 0           | 0           | 1           |
| grp_forward_node140_fu_568                                                                                            | 1                           | 0           | 0           | 1           |
| grp_forward_node156_fu_532                                                                                            | 1                           | 0           | 0           | 1           |
| grp_forward_node161_fu_488                                                                                            | 1                           | 0           | 0           | 1           |
| grp_forward_node166_fu_448                                                                                            | 3                           | 1           | 0           | 2           |
| grp_forward_node21_fu_828                                                                                             | 21                          | 21          | 0           | 0           |
| grp_forward_node21_fu_828_ap_start_reg_reg                                                                            | 2                           | 2           | 0           | 0           |
| grp_forward_node37_fu_796                                                                                             | 1                           | 0           | 0           | 1           |
| grp_forward_node44_fu_780                                                                                             | 1                           | 0           | 0           | 1           |
| grp_forward_node52_fu_766                                                                                             | 1                           | 0           | 0           | 1           |
| grp_forward_node59_fu_748                                                                                             | 1                           | 0           | 0           | 1           |
| grp_forward_node59_fu_748_ap_start_reg_reg                                                                            | 1                           | 0           | 0           | 1           |
| grp_forward_node68_fu_734                                                                                             | 32                          | 0           | 0           | 32          |
| grp_forward_node6_fu_864                                                                                              | 4                           | 1           | 0           | 3           |
| grp_forward_node75_fu_720                                                                                             | 6                           | 0           | 0           | 6           |
| grp_forward_node75_fu_720_ap_start_reg_reg                                                                            | 1                           | 0           | 0           | 1           |
| grp_forward_node82_fu_704                                                                                             | 27                          | 25          | 2           | 0           |
| grp_forward_node82_fu_704_ap_start_reg_reg                                                                            | 2                           | 2           | 0           | 0           |
| grp_forward_node90_fu_690                                                                                             | 1                           | 0           | 0           | 1           |
| grp_forward_node97_fu_672                                                                                             | 1                           | 0           | 0           | 1           |
| v1045_1_U/gen_buffer[0].forward_dataflow_in_loop_VITIS_LOOP_4683_1_v2460_RAM_2P_LUTRAM_1R1W_memcore_U/ram_reg_0_7_0_7 | 15                          | 0           | 0           | 15          |
| v1045_1_U/gen_buffer[1].forward_dataflow_in_loop_VITIS_LOOP_4683_1_v2460_RAM_2P_LUTRAM_1R1W_memcore_U/ram_reg_0_7_0_7 | 15                          | 0           | 0           | 15          |
| v1045_U/gen_buffer[0].forward_dataflow_in_loop_VITIS_LOOP_4683_1_v2460_RAM_2P_LUTRAM_1R1W_memcore_U/ram_reg_0_7_0_7   | 15                          | 0           | 0           | 15          |
| v1045_U/gen_buffer[1].forward_dataflow_in_loop_VITIS_LOOP_4683_1_v2460_RAM_2P_LUTRAM_1R1W_memcore_U/ram_reg_0_7_0_7   | 15                          | 0           | 0           | 15          |
+-----------------------------------------------------------------------------------------------------------------------+-----------------------------+-------------+-------------+-------------+


