Copyright 1986-2022 Xilinx, Inc. All Rights Reserved. Copyright 2022-2023 Advanced Micro Devices, Inc. All Rights Reserved.
---------------------------------------------------------------------------------------------------------------------------------------------
| Tool Version : Vivado v.2023.2 (win64) Build 4029153 Fri Oct 13 20:14:34 MDT 2023
| Date         : Mon Dec  8 23:04:40 2025
| Host         : DESKTOP-1ORS7G9 running 64-bit major release  (build 9200)
| Command      : report_utilization -slr -file utilization_slr.rpt
| Design       : forward
| Device       : xcvu37p-fsvh2892-2L-e
| Speed File   : -2L
| Design State : Routed
---------------------------------------------------------------------------------------------------------------------------------------------

Utilization Design Information

Table of Contents
-----------------
1. SLR Connectivity
2. SLR Connectivity Matrix
3. SLR CLB Logic and Dedicated Block Utilization
4. SLR IO Utilization

1. SLR Connectivity
-------------------

+----------------------------------+------+-------+-----------+-------+
|                                  | Used | Fixed | Available | Util% |
+----------------------------------+------+-------+-----------+-------+
| SLR2 <-> SLR1                    |  119 |       |     23040 |  0.52 |
|   SLR1 -> SLR2                   |   79 |       |           |  0.34 |
|     Using TX_REG only            |    0 |     0 |           |       |
|     Using RX_REG only            |    0 |     0 |           |       |
|     Using Both TX_REG and RX_REG |    0 |     0 |           |       |
|   SLR2 -> SLR1                   |   40 |       |           |  0.17 |
|     Using TX_REG only            |    0 |     0 |           |       |
|     Using RX_REG only            |    0 |     0 |           |       |
|     Using Both TX_REG and RX_REG |    0 |     0 |           |       |
| SLR1 <-> SLR0                    |    0 |       |     23040 |  0.00 |
|   SLR0 -> SLR1                   |    0 |       |           |  0.00 |
|     Using TX_REG only            |    0 |     0 |           |       |
|     Using RX_REG only            |    0 |     0 |           |       |
|     Using Both TX_REG and RX_REG |    0 |     0 |           |       |
|   SLR1 -> SLR0                   |    0 |       |           |  0.00 |
|     Using TX_REG only            |    0 |     0 |           |       |
|     Using RX_REG only            |    0 |     0 |           |       |
|     Using Both TX_REG and RX_REG |    0 |     0 |           |       |
+----------------------------------+------+-------+-----------+-------+
| Total SLLs Used                  |  119 |       |           |       |
+----------------------------------+------+-------+-----------+-------+


2. SLR Connectivity Matrix
--------------------------

+-----------+------+------+------+
| FROM \ TO | SLR2 | SLR1 | SLR0 |
+-----------+------+------+------+
| SLR2      |    0 |   40 |    0 |
| SLR1      |   79 |    0 |    0 |
| SLR0      |    0 |    0 |    0 |
+-----------+------+------+------+


3. SLR CLB Logic and Dedicated Block Utilization
------------------------------------------------

+----------------------------+------+-------+-------+--------+--------+--------+
|          Site Type         | SLR0 |  SLR1 |  SLR2 | SLR0 % | SLR1 % | SLR2 % |
+----------------------------+------+-------+-------+--------+--------+--------+
| CLB                        |    0 |  4301 |  4982 |   0.00 |   7.96 |   9.23 |
|   CLBL                     |    0 |  2330 |  2627 |   0.00 |   7.96 |   8.97 |
|   CLBM                     |    0 |  1971 |  2355 |   0.00 |   7.97 |   9.53 |
| CLB LUTs                   |    0 | 18772 | 21901 |   0.00 |   4.35 |   5.07 |
|   LUT as Logic             |    0 | 16443 | 19735 |   0.00 |   3.81 |   4.57 |
|   LUT as Memory            |    0 |  2329 |  2166 |   0.00 |   1.18 |   1.10 |
|     LUT as Distributed RAM |    0 |  2256 |  2088 |   0.00 |   1.14 |   1.06 |
|     LUT as Shift Register  |    0 |    73 |    78 |   0.00 |   0.04 |   0.04 |
| CLB Registers              |    0 | 19826 | 24395 |   0.00 |   2.29 |   2.82 |
| CARRY8                     |    0 |   832 |   835 |   0.00 |   1.54 |   1.55 |
| F7 Muxes                   |    0 |   144 |   137 |   0.00 |   0.07 |   0.06 |
| F8 Muxes                   |    0 |    16 |     0 |   0.00 |   0.01 |   0.00 |
| F9 Muxes                   |    0 |     0 |     0 |   0.00 |   0.00 |   0.00 |
| Block RAM Tile             |    0 |     0 |     0 |   0.00 |   0.00 |   0.00 |
|   RAMB36/FIFO              |    0 |     0 |     0 |   0.00 |   0.00 |   0.00 |
|   RAMB18                   |    0 |     0 |     0 |   0.00 |   0.00 |   0.00 |
| URAM                       |    0 |     0 |     0 |   0.00 |   0.00 |   0.00 |
| DSPs                       |    0 |   209 |   293 |   0.00 |   6.80 |   9.54 |
| Unique Control Sets        |    0 |  1455 |  1658 |   0.00 |   1.35 |   1.54 |
+----------------------------+------+-------+-------+--------+--------+--------+
* Note: Available Control Sets based on CLB Registers / 8


4. SLR IO Utilization
---------------------

+-----------+-----------+---------+------------+----------+------------+----------+-----+
| SLR Index | Used IOBs | (%)IOBs | Used IPADs | (%)IPADs | Used OPADs | (%)OPADs | GTs |
+-----------+-----------+---------+------------+----------+------------+----------+-----+
| SLR2      |         0 |    0.00 |          0 |     0.00 |          0 |     0.00 |   0 |
| SLR1      |         0 |    0.00 |          0 |     0.00 |          0 |     0.00 |   0 |
| SLR0      |         0 |    0.00 |          0 |     0.00 |          0 |     0.00 |   0 |
+-----------+-----------+---------+------------+----------+------------+----------+-----+
| Total     |         0 |         |          0 |          |          0 |          |   0 |
+-----------+-----------+---------+------------+----------+------------+----------+-----+


