Copyright 1986-2022 Xilinx, Inc. All Rights Reserved. Copyright 2022-2023 Advanced Micro Devices, Inc. All Rights Reserved.
---------------------------------------------------------------------------------------------------------------------------------------------
| Tool Version : Vivado v.2023.2 (win64) Build 4029153 Fri Oct 13 20:14:34 MDT 2023
| Date         : Tue Dec  9 00:56:38 2025
| Host         : DESKTOP-1ORS7G9 running 64-bit major release  (build 9200)
| Command      : report_utilization -slr -file utilization_slr.rpt
| Design       : forward
| Device       : xcvu37p-fsvh2892-2L-e
| Speed File   : -2L
| Design State : Routed
---------------------------------------------------------------------------------------------------------------------------------------------

Utilization Design Information

Table of Contents
-----------------
1. SLR Connectivity
2. SLR Connectivity Matrix
3. SLR CLB Logic and Dedicated Block Utilization
4. SLR IO Utilization

1. SLR Connectivity
-------------------

+----------------------------------+------+-------+-----------+-------+
|                                  | Used | Fixed | Available | Util% |
+----------------------------------+------+-------+-----------+-------+
| SLR2 <-> SLR1                    |  558 |       |     23040 |  2.42 |
|   SLR1 -> SLR2                   |  343 |       |           |  1.49 |
|     Using TX_REG only            |    0 |     0 |           |       |
|     Using RX_REG only            |    0 |     0 |           |       |
|     Using Both TX_REG and RX_REG |    0 |     0 |           |       |
|   SLR2 -> SLR1                   |  215 |       |           |  0.93 |
|     Using TX_REG only            |    0 |     0 |           |       |
|     Using RX_REG only            |    0 |     0 |           |       |
|     Using Both TX_REG and RX_REG |    0 |     0 |           |       |
| SLR1 <-> SLR0                    |  212 |       |     23040 |  0.92 |
|   SLR0 -> SLR1                   |   54 |       |           |  0.23 |
|     Using TX_REG only            |    0 |     0 |           |       |
|     Using RX_REG only            |    0 |     0 |           |       |
|     Using Both TX_REG and RX_REG |    0 |     0 |           |       |
|   SLR1 -> SLR0                   |  158 |       |           |  0.69 |
|     Using TX_REG only            |    0 |     0 |           |       |
|     Using RX_REG only            |    0 |     0 |           |       |
|     Using Both TX_REG and RX_REG |    0 |     0 |           |       |
+----------------------------------+------+-------+-----------+-------+
| Total SLLs Used                  |  770 |       |           |       |
+----------------------------------+------+-------+-----------+-------+


2. SLR Connectivity Matrix
--------------------------

+-----------+------+------+------+
| FROM \ TO | SLR2 | SLR1 | SLR0 |
+-----------+------+------+------+
| SLR2      |    0 |  202 |   13 |
| SLR1      |  333 |    0 |  145 |
| SLR0      |   10 |   44 |    0 |
+-----------+------+------+------+


3. SLR CLB Logic and Dedicated Block Utilization
------------------------------------------------

+----------------------------+------+-------+-------+--------+--------+--------+
|          Site Type         | SLR0 |  SLR1 |  SLR2 | SLR0 % | SLR1 % | SLR2 % |
+----------------------------+------+-------+-------+--------+--------+--------+
| CLB                        | 2047 |  2753 |  4809 |   3.72 |   5.10 |   8.91 |
|   CLBL                     | 1117 |  1496 |  2611 |   3.81 |   5.11 |   8.92 |
|   CLBM                     |  930 |  1257 |  2198 |   3.62 |   5.08 |   8.89 |
| CLB LUTs                   | 8755 | 11357 | 20673 |   1.99 |   2.63 |   4.79 |
|   LUT as Logic             | 7774 |  9868 | 18648 |   1.77 |   2.28 |   4.32 |
|     using O5 output only   |  196 |   246 |   355 |   0.04 |   0.06 |   0.08 |
|     using O6 output only   | 4782 |  6255 | 11946 |   1.09 |   1.45 |   2.77 |
|     using O5 and O6        | 2796 |  3367 |  6347 |   0.64 |   0.78 |   1.47 |
|   LUT as Memory            |  981 |  1489 |  2025 |   0.48 |   0.75 |   1.02 |
|     LUT as Distributed RAM |  960 |  1432 |  1952 |   0.47 |   0.72 |   0.99 |
|       using O5 output only |    0 |     0 |     0 |   0.00 |   0.00 |   0.00 |
|       using O6 output only |    0 |   240 |     0 |   0.00 |   0.12 |   0.00 |
|       using O5 and O6      |  960 |  1192 |  1952 |   0.47 |   0.60 |   0.99 |
|     LUT as Shift Register  |   21 |    57 |    73 |   0.01 |   0.03 |   0.04 |
|       using O5 output only |    0 |     0 |     0 |   0.00 |   0.00 |   0.00 |
|       using O6 output only |   21 |    49 |    66 |   0.01 |   0.02 |   0.03 |
|       using O5 and O6      |    0 |     8 |     7 |   0.00 |  <0.01 |  <0.01 |
| CLB Registers              | 9062 | 11810 | 23349 |   1.03 |   1.37 |   2.70 |
| CARRY8                     |  305 |   560 |   802 |   0.55 |   1.04 |   1.49 |
| F7 Muxes                   |   97 |    64 |   120 |   0.04 |   0.03 |   0.06 |
| F8 Muxes                   |   16 |     0 |     0 |   0.01 |   0.00 |   0.00 |
| F9 Muxes                   |    0 |     0 |     0 |   0.00 |   0.00 |   0.00 |
| Block RAM Tile             |    0 |     0 |     0 |   0.00 |   0.00 |   0.00 |
|   RAMB36/FIFO              |    0 |     0 |     0 |   0.00 |   0.00 |   0.00 |
|   RAMB18                   |    0 |     0 |     0 |   0.00 |   0.00 |   0.00 |
| URAM                       |    0 |     0 |     0 |   0.00 |   0.00 |   0.00 |
| DSPs                       |   93 |   130 |   279 |   3.23 |   4.23 |   9.08 |
| Unique Control Sets        |  687 |   878 |  1555 |   0.63 |   0.81 |   1.44 |
+----------------------------+------+-------+-------+--------+--------+--------+
* Note: Available Control Sets based on CLB Registers / 8


4. SLR IO Utilization
---------------------

+-----------+-----------+---------+------------+----------+------------+----------+-----+
| SLR Index | Used IOBs | (%)IOBs | Used IPADs | (%)IPADs | Used OPADs | (%)OPADs | GTs |
+-----------+-----------+---------+------------+----------+------------+----------+-----+
| SLR2      |         0 |    0.00 |          0 |     0.00 |          0 |     0.00 |   0 |
| SLR1      |         0 |    0.00 |          0 |     0.00 |          0 |     0.00 |   0 |
| SLR0      |         0 |    0.00 |          0 |     0.00 |          0 |     0.00 |   0 |
+-----------+-----------+---------+------------+----------+------------+----------+-----+
| Total     |         0 |         |          0 |          |          0 |          |   0 |
+-----------+-----------+---------+------------+----------+------------+----------+-----+


