Copyright 1986-2022 Xilinx, Inc. All Rights Reserved. Copyright 2022-2023 Advanced Micro Devices, Inc. All Rights Reserved.
---------------------------------------------------------------------------------------------------------------------------------------------
| Tool Version : Vivado v.2023.2 (win64) Build 4029153 Fri Oct 13 20:14:34 MDT 2023
| Date         : Sun Dec  7 03:32:20 2025
| Host         : DESKTOP-1ORS7G9 running 64-bit major release  (build 9200)
| Command      : report_utilization -slr -file utilization_slr.rpt
| Design       : forward
| Device       : xcvu37p-fsvh2892-2L-e
| Speed File   : -2L
| Design State : Routed
---------------------------------------------------------------------------------------------------------------------------------------------

Utilization Design Information

Table of Contents
-----------------
1. SLR Connectivity
2. SLR Connectivity Matrix
3. SLR CLB Logic and Dedicated Block Utilization
4. SLR IO Utilization

1. SLR Connectivity
-------------------

+----------------------------------+------+-------+-----------+-------+
|                                  | Used | Fixed | Available | Util% |
+----------------------------------+------+-------+-----------+-------+
| SLR2 <-> SLR1                    |  781 |       |     23040 |  3.39 |
|   SLR1 -> SLR2                   |  442 |       |           |  1.92 |
|     Using TX_REG only            |    0 |     0 |           |       |
|     Using RX_REG only            |    0 |     0 |           |       |
|     Using Both TX_REG and RX_REG |    0 |     0 |           |       |
|   SLR2 -> SLR1                   |  339 |       |           |  1.47 |
|     Using TX_REG only            |    0 |     0 |           |       |
|     Using RX_REG only            |    0 |     0 |           |       |
|     Using Both TX_REG and RX_REG |    0 |     0 |           |       |
| SLR1 <-> SLR0                    |  202 |       |     23040 |  0.88 |
|   SLR0 -> SLR1                   |   85 |       |           |  0.37 |
|     Using TX_REG only            |    0 |     0 |           |       |
|     Using RX_REG only            |    0 |     0 |           |       |
|     Using Both TX_REG and RX_REG |    0 |     0 |           |       |
|   SLR1 -> SLR0                   |  117 |       |           |  0.51 |
|     Using TX_REG only            |    0 |     0 |           |       |
|     Using RX_REG only            |    0 |     0 |           |       |
|     Using Both TX_REG and RX_REG |    0 |     0 |           |       |
+----------------------------------+------+-------+-----------+-------+
| Total SLLs Used                  |  983 |       |           |       |
+----------------------------------+------+-------+-----------+-------+


2. SLR Connectivity Matrix
--------------------------

+-----------+------+------+------+
| FROM \ TO | SLR2 | SLR1 | SLR0 |
+-----------+------+------+------+
| SLR2      |    0 |  325 |   14 |
| SLR1      |  412 |    0 |  103 |
| SLR0      |   30 |   55 |    0 |
+-----------+------+------+------+


3. SLR CLB Logic and Dedicated Block Utilization
------------------------------------------------

+----------------------------+------+------+-------+--------+--------+--------+
|          Site Type         | SLR0 | SLR1 |  SLR2 | SLR0 % | SLR1 % | SLR2 % |
+----------------------------+------+------+-------+--------+--------+--------+
| CLB                        | 1343 | 1063 |  6960 |   2.44 |   1.97 |  12.89 |
|   CLBL                     |  728 |  588 |  3688 |   2.49 |   2.01 |  12.60 |
|   CLBM                     |  615 |  475 |  3272 |   2.39 |   1.92 |  13.24 |
| CLB LUTs                   | 5748 | 4201 | 30881 |   1.31 |   0.97 |   7.15 |
|   LUT as Logic             | 5200 | 3655 | 27480 |   1.18 |   0.85 |   6.36 |
|     using O5 output only   |   96 |   70 |   630 |   0.02 |   0.02 |   0.15 |
|     using O6 output only   | 3420 | 2353 | 17301 |   0.78 |   0.54 |   4.00 |
|     using O5 and O6        | 1684 | 1232 |  9549 |   0.38 |   0.29 |   2.21 |
|   LUT as Memory            |  548 |  546 |  3401 |   0.27 |   0.28 |   1.72 |
|     LUT as Distributed RAM |  528 |  528 |  3288 |   0.26 |   0.27 |   1.66 |
|       using O5 output only |    0 |    0 |     0 |   0.00 |   0.00 |   0.00 |
|       using O6 output only |    0 |   80 |   160 |   0.00 |   0.04 |   0.08 |
|       using O5 and O6      |  528 |  448 |  3128 |   0.26 |   0.23 |   1.58 |
|     LUT as Shift Register  |   20 |   18 |   113 |  <0.01 |  <0.01 |   0.06 |
|       using O5 output only |    0 |    0 |     0 |   0.00 |   0.00 |   0.00 |
|       using O6 output only |   20 |   18 |    98 |  <0.01 |  <0.01 |   0.05 |
|       using O5 and O6      |    0 |    0 |    15 |   0.00 |   0.00 |  <0.01 |
| CLB Registers              | 6442 | 5222 | 32557 |   0.73 |   0.60 |   3.77 |
| CARRY8                     |  284 |  174 |  1209 |   0.52 |   0.32 |   2.24 |
| F7 Muxes                   |   48 |    0 |   233 |   0.02 |   0.00 |   0.11 |
| F8 Muxes                   |    0 |    0 |    16 |   0.00 |   0.00 |   0.01 |
| F9 Muxes                   |    0 |    0 |     0 |   0.00 |   0.00 |   0.00 |
| Block RAM Tile             |    0 |    0 |     0 |   0.00 |   0.00 |   0.00 |
|   RAMB36/FIFO              |    0 |    0 |     0 |   0.00 |   0.00 |   0.00 |
|   RAMB18                   |    0 |    0 |     0 |   0.00 |   0.00 |   0.00 |
| URAM                       |    0 |    0 |     0 |   0.00 |   0.00 |   0.00 |
| DSPs                       |   88 |   76 |   338 |   3.06 |   2.47 |  11.00 |
| Unique Control Sets        |  420 |  326 |  2374 |   0.38 |   0.30 |   2.20 |
+----------------------------+------+------+-------+--------+--------+--------+
* Note: Available Control Sets based on CLB Registers / 8


4. SLR IO Utilization
---------------------

+-----------+-----------+---------+------------+----------+------------+----------+-----+
| SLR Index | Used IOBs | (%)IOBs | Used IPADs | (%)IPADs | Used OPADs | (%)OPADs | GTs |
+-----------+-----------+---------+------------+----------+------------+----------+-----+
| SLR2      |         0 |    0.00 |          0 |     0.00 |          0 |     0.00 |   0 |
| SLR1      |         0 |    0.00 |          0 |     0.00 |          0 |     0.00 |   0 |
| SLR0      |         0 |    0.00 |          0 |     0.00 |          0 |     0.00 |   0 |
+-----------+-----------+---------+------------+----------+------------+----------+-----+
| Total     |         0 |         |          0 |          |          0 |          |   0 |
+-----------+-----------+---------+------------+----------+------------+----------+-----+


